119,1,00000000 globaldestructorchain____register_global_object
119,1,0000001C globaldestructorchain____destroy_global_chain
119,1,00000070 ftIke____ct
119,1,00001990 ftFighterBuilder_16ftIkeBuildConfig_____dt
119,1,00001A30 ftStatusGimmickUniqProcessPoolImpl____dt
119,1,00001AE8 ftStatusUniqProcessGimmickEaten____dt
119,1,00001B44 ftStatusUniqProcessGimmick____dt
119,1,00001BA8 ftStatusUniqProcessGimmickTruck____dt
119,1,00001C04 ftStatusUniqProcessGimmickSpring____dt
119,1,00001C60 ftStatusUniqProcessGimmickLadder____dt
119,1,00001CBC ftStatusUniqProcessGimmickCatapult____dt
119,1,00001D18 ftStatusUniqProcessGimmickDoor____dt
119,1,00001D74 ftStatusUniqProcessGimmickBarrel____dt
119,1,00001DD0 ftStatusGimmickUniqProcessPool____dt
119,1,00001E10 ftVirtualNodeMatrixPoolImpl____dt
119,1,00001E6C ftVirtualNodeMatrixPool____dt
119,1,00001EAC ftCancelModuleImpl____dt
119,1,00001F2C soAnimCmdEventObserver____dt
119,1,00001F88 soStatusEventObserver____dt
119,1,00001FE4 ftModuleAccesserBuilder_16ftIkeBuildConfig_____dt
119,1,00002068 ftAnimCmdModuleSubBuilder_38ftAnimCmdModuleSubBuildConfig_295_500______dt
119,1,00002140 soAnimCmdControlUnitBuilder_51soAnimCmdControlUnitBuildConfig_10_16_41_0_0_1_0_8______dt
119,1,000021CC soAnimCmdInterpreter____dt
119,1,00002228 soEventPresenter_22soAnimCmdEventObserver_____dt
119,1,00002268 soAnimCmdAddressPackArraySeparate____dt
119,1,000022A8 soArraySelectHolder_1_44soArrayVector_25acCmdInterpreterStackData_8__61soSingletonHolder_40soArra_______dt
119,1,00002304 soAnimCmdControlUnitBuilder_41soAnimCmdControlUnitBuildConfigUniq_9_10______dt
119,1,00002370 soArraySelectHolder_1_45soArrayVector_25acCmdInterpreterStackData_10__61soSingletonHolder_40soArr_______dt
119,1,000023CC soAnimCmdControlUnitBuilder_51soAnimCmdControlUnitBuildConfig_8_32_500_0_0_1_0_8______dt
119,1,00002458 soAnimCmdControlUnitBuilder_52soAnimCmdControlUnitBuildConfig_7_128_500_0_0_1_0_8______dt
119,1,00002498 soAnimCmdControlUnitBuilder_52soAnimCmdControlUnitBuildConfig_6_128_500_0_0_1_0_8______dt
119,1,00002524 soAnimCmdControlUnitBuilder_51soAnimCmdControlUnitBuildConfig_5_32_500_0_0_1_0_8______dt
119,1,000025B0 soAnimCmdControlUnitBuilder_50soAnimCmdControlUnitBuildConfig_4_2_500_0_0_1_0_8______dt
119,1,0000263C soAnimCmdControlUnitBuilder_51soAnimCmdControlUnitBuildConfig_3_64_500_0_0_1_0_8______dt
119,1,000026C8 soAnimCmdControlUnitBuilder_51soAnimCmdControlUnitBuildConfig_2_64_500_0_0_1_0_8______dt
119,1,000027A0 soAnimCmdControlUnitBuilder_50soAnimCmdControlUnitBuildConfig_1_2_500_0_0_1_0_8______dt
119,1,0000282C soAnimCmdControlUnitBuilder_60soAnimCmdControlUnitBuildConfigDisguise_0_1_295_295_0_1_0_8______dt
119,1,000028C4 soArraySelectHolder_1_36soArrayVector_PC13acAnimCmdConv_295__51soSingletonHolder_30soArrayNull_PC_______dt
119,1,00002920 soModuleAccesserBuilder_16ftIkeBuildConfig_____dt
119,1,00002BCC soGlowModuleBuilder_43soGlowModuleBuildConfig_16ftGlowModuleImpl______dt
119,1,00002C28 soSlowModuleBuilder_43soSlowModuleBuildConfig_16soSlowModuleImpl______dt
119,1,00002C84 soAbnormalModuleBuilder_51soAbnormalModuleBuildConfig_20ftAbnormalModuleImpl______dt
119,1,00002CE0 soJostleModuleBuilder_51soJostleModuleBuildConfig_0_8_18soJostleModuleImpl______dt
119,1,00002D3C soColorBlendModuleBuilder_60soColorBlendModuleBuildConfig_10_1_22soColorBlendModuleImpl______dt
119,1,00002D98 soItemManageModuleBuilder_105soItemManageModuleBuildConfig_3_4_16soItemSearchImpl_24soItemPickTra_______dt
119,1,00002E18 soArraySelectHolder_1_29soArrayVector_10soItemInfo_4__46soSingletonHolder_25soArrayNull_10soItemI_______dt
119,1,00002E74 soShadowModuleBuilder_47soShadowModuleBuildConfig_18soShadowModuleImpl______dt
119,1,00002ED0 soSlopeModuleBuilder_49soSlopeModuleBuildConfig_0_1_17soSlopeModuleImpl______dt
119,1,00002F2C soPhysicsModuleBuilder_53soPhysicsModuleBuildConfig_2_19soPhysicsModuleImpl_1______dt
119,1,00002FA0 soAreaModuleBuilder_89soAreaModuleBuildConfig_9_16_34soAreaEnviromentElementCheckerImpl_16ftAreaM_______dt
119,1,00003038 soComboModuleBuilder_45soComboModuleBuildConfig_17ftComboModuleImpl______dt
119,1,00003094 soEffectModuleBuilder_58soEffectModuleBuildConfig_1_1_1_1_10_18soEffectModuleImpl______dt
119,1,0000312C soArraySelectHolder_1_33soArrayVector_14efScreenHandle_1__50soSingletonHolder_29soArrayNull_14efS_______dt
119,1,00003188 soArraySelectHolder_1_31soArrayVector_12soEffectTime_1__48soSingletonHolder_27soArrayNull_12soEff_______dt
119,1,000031E4 soGenerateArticleManageModuleBuilder_347soGenerateArticleManageModuleBuildConfig_262soArticleMedi_______dt
119,1,00003268 soSelectInstanceHolder_1_262soArticleMediatorImpl_105soTypeList_70soInstancePoolInfo_10wnIkeSword_______dt
119,1,000032C4 soArticleMediatorImpl_105soTypeList_70soInstancePoolInfo_10wnIkeSword_1_16wnInstanceHolder_14soIn_______dt
119,1,00003334 soLineHierarchy_105soTypeList_70soInstancePoolInfo_10wnIkeSword_1_16wnInstanceHolder_14soIntToTyp_______dt
119,1,00003398 soInstancePool_70soInstancePoolInfo_10wnIkeSword_1_16wnInstanceHolder_14soIntToType_0___18soInsta_______dt
119,1,000033F8 soInstancePoolSub_70soInstancePoolInfo_10wnIkeSword_1_16wnInstanceHolder_14soIntToType_0___23soKi_______dt
119,1,00003458 wnInstanceHolder_10wnIkeSword_23soKindInfoGeneric_0_34__14soIntToType_0______dt
119,1,000034B8 soArticleMediator____dt
119,1,000034F8 soArticleOperator____dt
119,1,00003538 soArticleGenerator____dt
119,1,00003578 soGeneralWorkBuilder_33soGeneralWorkBuildConfig_77_32_3______dt
119,1,000035D8 soGeneralWorkSimple____dt
119,1,00003634 soGeneralWorkAbstract____dt
119,1,00003674 soKineticModuleBuilder_1193soKineticModuleBuildConfig_26soKineticModuleGenericImpl_1129soKineticM_______dt
119,1,000036EC soInstanceManagerFullPropertyVector_P15soKineticEnergy_12_____dt
119,1,0000374C soKineticModuleGenericImpl____dt
119,1,000037C0 soStatusModuleBuilder_823soStatusModuleBuildConfig_295_33soGeneralWorkBuildConfig_18_19_8__274_71_______dt
119,1,0000385C soStatusModuleImpl____dt
119,1,000038E0 soArrayQueueImpl_18soArrayVector_l_1______dt
119,1,00003940 soArraySelectHolder_1_41soArrayVector_P19soStatusUniqProcess_295__56soSingletonHolder_35soArrayNu_______dt
119,1,0000399C soTransitionModuleBuilder_716soTransitionModuleBuildConfig_657soTypeList_15soIntToType_25__624soT_______dt
119,1,00003A14 soTransitionModuleImpl____dt
119,1,00003A74 soTransitionInfo____dt
119,1,00003AB4 soJagArray_46soInstanceUnitFullProperty_16soTransitionTerm__657soTypeList_15soIntToType_25__624so_______dt
119,1,00003B14 soArrayPool_15soIntToType_25__818soLineHierarchy_624soTypeList_14soIntToType_6__592soTypeList_14s_______dt
119,1,00003B8C soArrayPool_14soIntToType_6__786soLineHierarchy_592soTypeList_14soIntToType_2__560soTypeList_14so_______dt
119,1,00003BE0 soArrayPool_14soIntToType_2__754soLineHierarchy_560soTypeList_14soIntToType_1__528soTypeList_15so_______dt
119,1,00003C58 soArrayPool_14soIntToType_1__722soLineHierarchy_528soTypeList_15soIntToType_17__495soTypeList_14s_______dt
119,1,00003CD0 soArrayPool_15soIntToType_17__689soLineHierarchy_495soTypeList_14soIntToType_3__463soTypeList_14s_______dt
119,1,00003D48 soArrayPool_14soIntToType_3__657soLineHierarchy_463soTypeList_14soIntToType_1__431soTypeList_14so_______dt
119,1,00003DC0 soArrayPool_14soIntToType_1__625soLineHierarchy_431soTypeList_14soIntToType_2__399soTypeList_14so_______dt
119,1,00003E38 soArrayPool_14soIntToType_2__593soLineHierarchy_399soTypeList_14soIntToType_8__367soTypeList_14so_______dt
119,1,00003EB0 soArrayPool_14soIntToType_8__561soLineHierarchy_367soTypeList_14soIntToType_2__335soTypeList_14so_______dt
119,1,00003F28 soArrayPool_14soIntToType_2__530soLineHierarchy_335soTypeList_14soIntToType_1__303soTypeList_14so_______dt
119,1,00003FA0 soArrayPool_14soIntToType_1__498soLineHierarchy_303soTypeList_14soIntToType_6__271soTypeList_14so_______dt
119,1,00004018 soArrayPool_14soIntToType_6__466soLineHierarchy_271soTypeList_14soIntToType_3__239soTypeList_14so_______dt
119,1,000040B4 soArrayPool_14soIntToType_3__434soLineHierarchy_239soTypeList_14soIntToType_1__207soTypeList_14so_______dt
119,1,0000412C soArrayPool_14soIntToType_1__402soLineHierarchy_207soTypeList_14soIntToType_1__175soTypeList_14so_______dt
119,1,000041A4 soArrayPool_14soIntToType_1__370soLineHierarchy_175soTypeList_14soIntToType_2__143soTypeList_14so_______dt
119,1,0000421C soArrayPool_14soIntToType_2__338soLineHierarchy_143soTypeList_14soIntToType_3__111soTypeList_14so_______dt
119,1,00004294 soArrayPool_14soIntToType_3__306soLineHierarchy_111soTypeList_14soIntToType_2__80soTypeList_14soI_______dt
119,1,0000430C soArrayPool_14soIntToType_2__274soLineHierarchy_80soTypeList_14soIntToType_6__49soTypeList_14soIn_______dt
119,1,00004384 soArrayPool_14soIntToType_6__243soLineHierarchy_49soTypeList_14soIntToType_1__18soTypeListNullTyp_______dt
119,1,000043F4 soLineHierarchy_49soTypeList_14soIntToType_1__18soTypeListNullType__11soArrayPool_65soArrayPoolRo_______dt
119,1,00004454 soGeneralWorkBuilder_33soGeneralWorkBuildConfig_18_19_8______dt
119,1,000044B4 soAnimCmdModuleBuilder_52soAnimCmdModuleBuildConfig_11_19soAnimCmdModuleImpl______dt
119,1,00004520 soInstanceManagerFullPropertyVector_20soAnimCmdControlUnit_11_____dt
119,1,00004580 soAnimCmdModuleImpl____dt
119,1,000045EC soWorkManageModuleBuilder_55soWorkManageModuleBuildConfig_22soWorkManageModuleImpl______dt
119,1,00004648 soCameraModuleBuilder_49soCameraModuleBuildConfig_18soCameraModuleImpl_1______dt
119,1,000046BC soControllerModuleBuilder_60soControllerModuleBuildConfig_22ftControllerModuleImpl_10_2______dt
119,1,0000473C soArraySelectHolder_1_38soArrayVector_19soControllerClatter_2__55soSingletonHolder_34soArrayNull________dt
119,1,00004798 soVisibilityModuleBuilder_57soVisibilityModuleBuildConfig_22soVisibilityModuleImpl_2______dt
119,1,000047F4 soLinkModuleBuilder_45soLinkModuleBuildConfig_7_16soLinkModuleImpl______dt
119,1,00004860 soSoundModuleBuilder_80soSoundModuleBuildConfig_1_30ftSound3dGeneratorAccesserImpl_17soSoundModul_______dt
119,1,000048CC ftSound3dGeneratorAccesserImpl____dt
119,1,0000490C soShakeModuleBuilder_47soShakeModuleBuildConfig_4_17soShakeModuleImpl______dt
119,1,00004980 soTurnModuleBuilder_43soTurnModuleBuildConfig_16soTurnModuleImpl______dt
119,1,000049DC soStopModuleBuilder_43soStopModuleBuildConfig_16ftStopModuleImpl______dt
119,1,00004A38 soCaptureModuleBuilder_49soCaptureModuleBuildConfig_19soCaptureModuleImpl______dt
119,1,00004A94 soCatchModuleBuilder_47soCatchModuleBuildConfig_1_17soCatchModuleImpl______dt
119,1,00004AF0 soDamageModuleBuilder_98soDamageModuleBuildConfig_19soDamageModuleActor_1_22ftDamageTransactorImp_______dt
119,1,00004B64 soCollisionSearchModuleBuilder_73soCollisionSearchModuleBuildConfig_0_2_1_27soCollisionSearchModu_______dt
119,1,00004BDC soCollisionCatchModuleBuilder_71soCollisionCatchModuleBuildConfig_0_4_1_26soCollisionCatchModuleI_______dt
119,1,00004C48 soCollisionReflectorModuleBuilder_75soCollisionReflectorModuleBuildConfig_0_20_2_27soCollisionShi_______dt
119,1,00004CD8 soCollisionShieldModuleBuilder_73soCollisionShieldModuleBuildConfig_0_2_2_27soCollisionShieldModu_______dt
119,1,00004D68 soCollisionHitModuleBuilder_73soCollisionHitModuleBuildConfig_0_20_1_24soCollisionHitModuleImpl_1_______dt
119,1,00004DEC soCollisionAttackModuleBuilder_77soCollisionAttackModuleBuildConfig_0_5_2_27soCollisionAttackModu_______dt
119,1,00004E70 soTeamModuleBuilder_51soTeamModuleBuildConfig_6ftTeam_16soTeamModuleImpl______dt
119,1,00004EE8 ftTeamIndirect____dt
119,1,00004F44 ftTeam____dt
119,1,00004F84 soSituationModuleBuilder_53soSituationModuleBuildConfig_21soSituationModuleImpl______dt
119,1,00004FE0 soGroundModuleBuilder_49soGroundModuleBuildConfig_1_18soGroundModuleImpl______dt
119,1,0000504C soPostureModuleBuilder_51soPostureModuleBuildConfig_1_19soPostureModuleImpl______dt
119,1,000050C0 soMotionModuleBuilder_248soMotionModuleBuildConfig_500_18soMotionModuleImpl_2_1_107soTransitionMo_______dt
119,1,00005174 soMotionAnimObjCacheModuleBuilder_73soMotionAnimObjCacheModuleBuildConfig_5_30soMotionAnimObjCach_______dt
119,1,000051E0 soArraySelectHolder_1_19soArrayVector_Ul_5__36soSingletonHolder_15soArrayNull_Ul_______dt
119,1,0000523C soSelectInstanceHolder_1_39soArrayVector_20soTransitionTermPack_1__58soSingletonConcrete_35soArra_______dt
119,1,00005298 soArraySelectHolder_1_30soArrayVector_11soOtherAnim_1__47soSingletonHolder_26soArrayNull_11soOthe_______dt
119,1,000052F4 soArraySelectHolder_1_32soArrayVector_13soPartialAnim_2__49soSingletonHolder_28soArrayNull_13soPa_______dt
119,1,00005350 soTransitionModuleBuilder_107soTransitionModuleBuildConfig_49soTypeList_14soIntToType_8__18soType_______dt
119,1,000053C8 soJagArray_46soInstanceUnitFullProperty_16soTransitionTerm__49soTypeList_14soIntToType_8__18soTyp_______dt
119,1,00005424 soLineHierarchy_49soTypeList_14soIntToType_8__18soTypeListNullType__11soArrayPool_65soArrayPoolRo_______dt
119,1,00005484 soModelModuleBuilder_49soModelModuleBuildConfig_8_3_17soModelModuleImpl______dt
119,1,000054FC soArraySelectHolder_1_37soArrayVector_18soModelVirtualNode_3__54soSingletonHolder_33soArrayNull_1_______dt
119,1,00005558 soResourceModuleBuilder_87soResourceModuleBuildConfigDynamic_0_24ftResourceIdAccesserImpl_20soRes_______dt
119,1,000055D0 soResourceIdAccesser____dt
119,1,00005610 soParamCustomizeModuleBuilder_63soParamCustomizeModuleBuildConfig_26ftParamCustomizeModuleImpl______dt
119,1,0000566C soHeapModuleBuilder_43soHeapModuleBuildConfig_16soHeapModuleImpl______dt
119,1,000056C8 soInsideEventManageModuleBuilder_106soInsideEventManageModuleBuildConfig_32_40_4_4_4_4_4_4_5_4_4________dt
119,1,0000580C soNullable____ct
119,1,00005820 soTeamModuleBuilder_51soTeamModuleBuildConfig_6ftTeam_16soTeamModuleImpl______ct
119,1,000058E4 soNullable__isNull
119,1,000058EC soInsideEventManageModuleBuilder_106soInsideEventManageModuleBuildConfig_32_40_4_4_4_4_4_4_5_4_4________ct
119,1,00005C40 soResourceModuleBuilder_87soResourceModuleBuildConfigDynamic_0_24ftResourceIdAccesserImpl_20soRes_______ct
119,1,00005CA8 soModelModuleBuilder_49soModelModuleBuildConfig_8_3_17soModelModuleImpl______ct
119,1,00005D30 soMotionModuleBuilder_248soMotionModuleBuildConfig_500_18soMotionModuleImpl_2_1_107soTransitionMo_______ct
119,1,00005ECC soTransitionModuleImpl____ct
119,1,00005F04 soPostureModuleBuilder_51soPostureModuleBuildConfig_1_19soPostureModuleImpl______ct
119,1,00005F74 soGroundModuleBuilder_49soGroundModuleBuildConfig_1_18soGroundModuleImpl______ct
119,1,00005FD8 soCollisionAttackModuleBuilder_77soCollisionAttackModuleBuildConfig_0_5_2_27soCollisionAttackModu_______ct
119,1,0000609C soCollisionHitModuleBuilder_73soCollisionHitModuleBuildConfig_0_20_1_24soCollisionHitModuleImpl_1_______ct
119,1,00006160 soCollisionShieldModuleBuilder_73soCollisionShieldModuleBuildConfig_0_2_2_27soCollisionShieldModu_______ct
119,1,00006234 soCollisionReflectorModuleBuilder_75soCollisionReflectorModuleBuildConfig_0_20_2_27soCollisionShi_______ct
119,1,00006308 soCollisionCatchModuleBuilder_71soCollisionCatchModuleBuildConfig_0_4_1_26soCollisionCatchModuleI_______ct
119,1,000063A0 soCollisionSearchModuleBuilder_73soCollisionSearchModuleBuildConfig_0_2_1_27soCollisionSearchModu_______ct
119,1,0000643C soDamageModuleBuilder_98soDamageModuleBuildConfig_19soDamageModuleActor_1_22ftDamageTransactorImp_______ct
119,1,000064A8 soShakeModuleBuilder_47soShakeModuleBuildConfig_4_17soShakeModuleImpl______ct
119,1,00006504 soSoundModuleBuilder_80soSoundModuleBuildConfig_1_30ftSound3dGeneratorAccesserImpl_17soSoundModul_______ct
119,1,00006594 soLinkModuleBuilder_45soLinkModuleBuildConfig_7_16soLinkModuleImpl______ct
119,1,000065E8 soControllerModuleBuilder_60soControllerModuleBuildConfig_22ftControllerModuleImpl_10_2______ct
119,1,00006658 soCameraModuleBuilder_49soCameraModuleBuildConfig_18soCameraModuleImpl_1______ct
119,1,000066C4 soAnimCmdModuleBuilder_52soAnimCmdModuleBuildConfig_11_19soAnimCmdModuleImpl______ct
119,1,00006708 soStatusModuleBuilder_823soStatusModuleBuildConfig_295_33soGeneralWorkBuildConfig_18_19_8__274_71_______ct
119,1,00006A90 soGeneralWorkSimple____ct
119,1,00006B10 soGeneralWorkSimple__clearWorkAll
119,1,00006BC0 soKineticModuleBuilder_1193soKineticModuleBuildConfig_26soKineticModuleGenericImpl_1129soKineticM_______ct
119,1,00006F90 soGeneralWorkBuilder_33soGeneralWorkBuildConfig_77_32_3______ct
119,1,00006FF0 soGenerateArticleManageModuleBuilder_347soGenerateArticleManageModuleBuildConfig_262soArticleMedi_______ct
119,1,00007100 soEffectModuleBuilder_58soEffectModuleBuildConfig_1_1_1_1_10_18soEffectModuleImpl______ct
119,1,000071CC soAreaModuleBuilder_89soAreaModuleBuildConfig_9_16_34soAreaEnviromentElementCheckerImpl_16ftAreaM_______ct
119,1,00007264 soPhysicsModuleBuilder_53soPhysicsModuleBuildConfig_2_19soPhysicsModuleImpl_1______ct
119,1,000072C4 soItemManageModuleBuilder_105soItemManageModuleBuildConfig_3_4_16soItemSearchImpl_24soItemPickTra_______ct
119,1,00007340 soAnimCmdAddressPackArraySeparate____ct
119,1,0000735C soAnimCmdInterpreter____ct
119,1,000074EC soSingletonHolder_30soArrayNull_PC13acAnimCmdConv____getInstance
119,1,0000755C soArrayUtility__pushRange_PC13acAnimCmdConv_
119,1,000075D8 soAnimCmdControlUnitBuilder_60soAnimCmdControlUnitBuildConfigDisguise_0_1_295_295_0_1_0_8____getEntryList
119,1,00007614 soAnimCmdControlUnitBuilder_60soAnimCmdControlUnitBuildConfigDisguise_0_1_295_295_0_1_0_8____setupDisguiseList
119,1,000076C4 ftIke__onStart
119,1,00007718 ftIke__processFixPosition
119,1,000077FC ftIke__activeArticle
119,1,00007980 ftIke__shootArticle
119,1,00007C40 Vec3f____as
119,1,00007C5C ftike__ABS_f_
119,1,00007C64 ftIke__notifyEventCollisionShield
119,1,00007E50 ftIke__notifyEventCollisionShieldCheck
119,1,00007FAC ftIke__notifyEventCollisionSearch
119,1,000080C4 ftIke__notifyEventCollisionSearchCheck
119,1,00008194 ftIke__notifyEventCollisionAttackFighter
119,1,00008398 ftIke__notifyEventCollisionAttackCheck
119,1,00008958 Vec3f__sub
119,1,0000897C Vec3f__length
119,1,000089FC soLinkEventIkeFinal____ct
119,1,00008A28 ftIke__notifyEventLink
119,1,00008C14 ftIke__getLoopDamageMotionVariation
119,1,00008C5C ftIke__getFinalTargetPosBase
119,1,00008DBC ftIke__setFinalTargetPosBaseWork
119,1,00008E54 ftIke__getFinalTargetPosBaseWork
119,1,00008F00 Vec3f____ct
119,1,00008F10 ftIke__notifyEventOnDamage
119,1,00008F90 ftIke__notifyEventChangeStatus
119,1,00008FFC ftIke__sendFinalFinishEvent
119,1,0000913C StageObject__isActive
119,1,00009144 soKineticEnergy__getSpeed3f
119,1,000091A4 soKineticEnergy____dt
119,1,000091E4 ftExtendParamAccesser__getParamIndefinite
119,1,000091EC ftIkeExtendParamAccesser__setup
119,1,000093F4 ftIkeExtendParamAccesser____dt
119,1,00009454 ftExtendParamAccesserEx_3999_47_23999_10_____dt
119,1,000094B0 Fighter__isObserv
119,1,000094CC ftIke____dt
119,1,00009540 soAnimCmdEventObserver__addObserver
119,1,00009554 soLinkEventObserver__addObserver
119,1,00009568 StageObject__adjustParentGroundCollision
119,1,0000956C StageObject__processGameProc
119,1,00009570 soStatusEventObserver__addObserver
119,1,00009584 soSituationEventObserver__addObserver
119,1,00009598 soCollisionAttackEventObserver__addObserver
119,1,000095AC soCollisionHitEventObserver__notifyEventCollisionHit2nd
119,1,000095B0 soCollisionHitEventObserver__notifyEventCollisionHit
119,1,000095B4 soCollisionHitEventObserver__addObserver
119,1,000095C8 soCollisionShieldEventObserver__addObserver
119,1,000095DC soCollisionReflectorEventObserver__addObserver
119,1,000095F0 soCollisionAbsorberEventObserver__addObserver
119,1,00009604 soCollisionSearchEventObserver__addObserver
119,1,00009618 soCaptureEventObserver__addObserver
119,1,0000962C soItemManageEventObserver__addObserver
119,1,00009640 soMotionEventObserver__notifyEventChangeMotion
119,1,00009644 soMotionEventObserver__addObserver
119,1,00009658 soDamageEventObserver__addObserver
119,1,0000966C ftEntryEventObserver__notifyEventExitFighter
119,1,00009670 ftEntryEventObserver__notifyEventKirbyResourceUnLoaded
119,1,00009674 ftEntryEventObserver__notifyEventKirbyResourceLoaded
119,1,00009678 ftEntryEventObserver__notifyEventPokeTrainerReplace
119,1,0000967C ftEntryEventObserver__notifyEventPokemonDamage
119,1,00009680 ftEntryEventObserver__notifyEventPokemonInflict
119,1,00009684 ftEntryEventObserver__notifyEventPokemonAttack
119,1,00009688 ftEntryEventObserver__notifyEventPokemonRebirthEnd
119,1,0000968C ftEntryEventObserver__notifyEventStopRumble
119,1,00009690 ftEntryEventObserver__notifyEventSetRumble
119,1,00009694 ftEntryEventObserver__notifyEventPokemonAppeal
119,1,00009698 ftEntryEventObserver__notifyEventPokemonSpecial
119,1,0000969C ftEntryEventObserver__notifyEventPokemonChangeCancel
119,1,000096A0 ftEntryEventObserver__notifyEventPokemonCollect
119,1,000096A4 ftEntryEventObserver__notifyEventPokemonTrainerUpdate
119,1,000096A8 ftEntryEventObserver__notifyEventPokemonRequestChange
119,1,000096B0 ftEntryEventObserver__notifyEventPokemonStart
119,1,000096B4 ftEntryEventObserver__notifyEventWarp
119,1,000096B8 ftEntryEventObserver__notifyEventPartnerResourcePrepared
119,1,000096BC ftEntryEventObserver__notifyEventDeadPartner
119,1,000096C0 ftEntryEventObserver__addObserver
119,1,000096D4 soTurnEventObserver__addObserver
119,1,000096E8 Fighter__disappear
119,1,000096EC Fighter__trainerRestart
119,1,000096F0 Fighter__trainerStart
119,1,000096F4 Fighter__playEatSE
119,1,000096F8 Fighter__setVisibility
119,1,000096FC Fighter__getFtKind
119,1,00009704 Fighter__soGetSubKind
119,1,00009714 Fighter__soGetKind
119,1,0000971C Fighter__analyzeSeal
119,1,00009720 Fighter__onHitReflector
119,1,00009724 Fighter__change
119,1,00009728 Fighter__setupChangeSucceedEffect
119,1,00009730 Fighter__getChangeSucceedOption
119,1,00009738 Fighter__postStart
119,1,0000973C Fighter__onDeactivate
119,1,00009740 Fighter__onActivate
119,1,00009744 Fighter__onEndFinal
119,1,00009748 Fighter__onStartFinal
119,1,0000974C Fighter__notifyEventCollisionAttackFighter
119,1,00009750 ftSound3dGeneratorAccesserImpl__getInstance
119,1,00009760 ftSound3dGeneratorAccesserImpl__deactivate
119,1,000097B4 ftSound3dGeneratorAccesserImpl__activate
119,1,00009810 ftVirtualNodeMatrixPoolImpl__getExtendMatrix
119,1,00009818 ftVirtualNodeMatrixPoolImpl__getCommonMatrix
119,1,00009820 ftVirtualNodeMatrixPoolImpl__getHitMatrix
119,1,00009828 ftStatusGimmickUniqProcessPoolImpl__getUniqProcessEaten
119,1,00009830 ftStatusGimmickUniqProcessPoolImpl__getUniqProcessTruck
119,1,00009838 ftStatusGimmickUniqProcessPoolImpl__getUniqProcessSpring
119,1,00009840 ftStatusGimmickUniqProcessPoolImpl__getUniqProcessLadder
119,1,00009848 ftStatusGimmickUniqProcessPoolImpl__getUniqProcessCatapult
119,1,00009850 ftStatusGimmickUniqProcessPoolImpl__getUniqProcessDoor
119,1,00009858 ftStatusGimmickUniqProcessPoolImpl__getUniqProcessBarrel
119,1,00009860 soGeneralWorkSimple__getFlagWorkSize
119,1,00009868 soGeneralWorkSimple__turnOffFlag
119,1,000098DC soGeneralWorkSimple__isFlag
119,1,000098F8 soGeneralWorkSimple__offFlag
119,1,00009910 soGeneralWorkSimple__clearFlag
119,1,00009924 soGeneralWorkSimple__onFlag
119,1,0000993C soGeneralWorkSimple__getFloatWorkSize
119,1,00009944 soGeneralWorkSimple__divFloatWork
119,1,0000996C soGeneralWorkSimple__mulFloatWork
119,1,00009984 soGeneralWorkSimple__subFloatWork
119,1,0000999C soGeneralWorkSimple__addFloatWork
119,1,000099B4 soGeneralWorkSimple__setFloatWork
119,1,000099C4 soGeneralWorkSimple__getFloatWork
119,1,000099D4 soGeneralWorkSimple__getIntWorkSize
119,1,000099DC soGeneralWorkSimple__decIntWork
119,1,000099F4 soGeneralWorkSimple__incIntWork
119,1,00009A0C soGeneralWorkSimple__divIntWork
119,1,00009A2C soGeneralWorkSimple__mulIntWork
119,1,00009A44 soGeneralWorkSimple__subIntWork
119,1,00009A5C soGeneralWorkSimple__addIntWork
119,1,00009A74 soGeneralWorkSimple__setIntWork
119,1,00009A84 soGeneralWorkSimple__getIntWork
119,1,00009A94 soAnimCmdAddressPackArraySeparate__isNull
119,1,00009A9C soAnimCmdAddressPackArraySeparate__size
119,1,00009B50 soAnimCmdAddressPackArraySeparate__at
119,1,00009BA4 soAnimCmdAddressPackArraySeparate__atSub
119,1,00009CD0 soAnimCmdAddressPackArraySeparate__at1
119,1,00009D04 ftExtendParamAccesserEx_3999_47_23999_10___getParamFloat
119,1,00009D5C soValueAccesser__getValueVariation
119,1,00009D68 ftExtendParamAccesserEx_3999_47_23999_10___getParamInt
119,1,00009DC4 soKineticMediatorImpl_983soTypeList_100soInstancePoolInfo_21ftKineticEnergyMotion_1_21soKineticEn_______dt
119,1,00009E24 soArticleMediatorImpl_105soTypeList_70soInstancePoolInfo_10wnIkeSword_1_16wnInstanceHolder_14soIn_____generate
119,1,0000A0D0 soArticleMediatorImpl_105soTypeList_70soInstancePoolInfo_10wnIkeSword_1_16wnInstanceHolder_14soIn_____isGeneratable
119,1,0000A2C0 soArticleMediatorImpl_105soTypeList_70soInstancePoolInfo_10wnIkeSword_1_16wnInstanceHolder_14soIn_____getActiveNum
119,1,0000A4D0 soArticleMediatorImpl_105soTypeList_70soInstancePoolInfo_10wnIkeSword_1_16wnInstanceHolder_14soIn_____getGenerateMaxNum
119,1,0000A654 soArticleMediatorImpl_105soTypeList_70soInstancePoolInfo_10wnIkeSword_1_16wnInstanceHolder_14soIn_____shoot
119,1,0000A83C soArticleMediatorImpl_105soTypeList_70soInstancePoolInfo_10wnIkeSword_1_16wnInstanceHolder_14soIn_____deactivate
119,1,0000A89C soArticleMediatorImpl_105soTypeList_70soInstancePoolInfo_10wnIkeSword_1_16wnInstanceHolder_14soIn_____getMediateNum
119,1,0000A8A4 soArticleMediatorImpl_105soTypeList_70soInstancePoolInfo_10wnIkeSword_1_16wnInstanceHolder_14soIn_____setAutoRecycle
119,1,0000A8AC ftFighterBuilder_16ftIkeBuildConfig___getCancelModule
119,1,0000A8B8 ftFighterBuilder_16ftIkeBuildConfig___isEnableCancel
119,1,0000A8CC ftFighterBuilder_16ftIkeBuildConfig___getVirtualNodeMatrixPool
119,1,0000A8D8 ftFighterBuilder_16ftIkeBuildConfig___getStatusGimmickUniqProcessPool
119,1,0000A8E4 soArrayFixed_24soAnimCmdAddressPackConv___isEmpty
119,1,0000A918 soArticle__checkActivate
119,1,0000A928 soInstancePoolSub_70soInstancePoolInfo_10wnIkeSword_1_16wnInstanceHolder_14soIntToType_0___23soKi_____getInstanceAt
119,1,0000A940 ftKineticEnergyMotion____dt
119,1,0000A9A0 soKineticEnergyHolder_21ftKineticEnergyMotion_18soTypeListNullType_28soKineticEnergyInitInfo_0_1______dt
119,1,0000AA00 soInstancePoolSub_100soInstancePoolInfo_21ftKineticEnergyMotion_1_21soKineticEnergyHolder_28soKin_______dt
119,1,0000AA60 soInstancePool_100soInstancePoolInfo_21ftKineticEnergyMotion_1_21soKineticEnergyHolder_28soKineti_______dt
119,1,0000AAC0 soLineInvertHierarchy_136soTypeList_100soInstancePoolInfo_21ftKineticEnergyMotion_1_21soKineticEn_______dt
119,1,0000AB24 ftKineticEnergyGravity____dt
119,1,0000AB80 soKineticEnergyHolder_22ftKineticEnergyGravity_18soTypeListNullType_28soKineticEnergyInitInfo_1_1______dt
119,1,0000ABE0 soInstancePoolSub_101soInstancePoolInfo_22ftKineticEnergyGravity_1_21soKineticEnergyHolder_28soKi_______dt
119,1,0000AC40 soInstancePool_101soInstancePoolInfo_22ftKineticEnergyGravity_1_21soKineticEnergyHolder_28soKinet_______dt
119,1,0000ACB0 ftKineticEnergyController____dt
119,1,0000AD10 soKineticEnergyHolder_25ftKineticEnergyController_18soTypeListNullType_28soKineticEnergyInitInfo________dt
119,1,0000AD70 soInstancePoolSub_104soInstancePoolInfo_25ftKineticEnergyController_1_21soKineticEnergyHolder_28s_______dt
119,1,0000ADD0 soInstancePool_104soInstancePoolInfo_25ftKineticEnergyController_1_21soKineticEnergyHolder_28soKi_______dt
119,1,0000AE48 ftKineticEnergyStop____dt
119,1,0000AEA8 soKineticEnergyHolder_19ftKineticEnergyStop_18soTypeListNullType_28soKineticEnergyInitInfo_3_1______dt
119,1,0000AF08 soInstancePoolSub_98soInstancePoolInfo_19ftKineticEnergyStop_1_21soKineticEnergyHolder_28soKineti_______dt
119,1,0000AF68 soInstancePool_98soInstancePoolInfo_19ftKineticEnergyStop_1_21soKineticEnergyHolder_28soKineticEn_______dt
119,1,0000AFE0 ftKineticEnergyDamage____dt
119,1,0000B03C soKineticEnergyHolder_21ftKineticEnergyDamage_18soTypeListNullType_28soKineticEnergyInitInfo_4_2______dt
119,1,0000B09C soInstancePoolSub_100soInstancePoolInfo_21ftKineticEnergyDamage_1_21soKineticEnergyHolder_28soKin_______dt
119,1,0000B0FC soInstancePool_100soInstancePoolInfo_21ftKineticEnergyDamage_1_21soKineticEnergyHolder_28soKineti_______dt
119,1,0000B174 soKineticEnergyWindNormal____dt
119,1,0000B1D4 soKineticEnergyHolder_25soKineticEnergyWindNormal_18soTypeListNullType_28soKineticEnergyInitInfo________dt
119,1,0000B234 soInstancePoolSub_104soInstancePoolInfo_25soKineticEnergyWindNormal_1_21soKineticEnergyHolder_28s_______dt
119,1,0000B294 soInstancePool_104soInstancePoolInfo_25soKineticEnergyWindNormal_1_21soKineticEnergyHolder_28soKi_______dt
119,1,0000B30C soKineticEnergyGroundMovement____dt
119,1,0000B368 soKineticEnergyHolder_29soKineticEnergyGroundMovement_18soTypeListNullType_28soKineticEnergyInitI_______dt
119,1,0000B3C8 soInstancePoolSub_108soInstancePoolInfo_29soKineticEnergyGroundMovement_1_21soKineticEnergyHolder_______dt
119,1,0000B428 soInstancePool_108soInstancePoolInfo_29soKineticEnergyGroundMovement_1_21soKineticEnergyHolder_28_______dt
119,1,0000B4A0 soKineticEnergyJostle____dt
119,1,0000B4FC soKineticEnergyHolder_21soKineticEnergyJostle_18soTypeListNullType_28soKineticEnergyInitInfo_7_4______dt
119,1,0000B55C soInstancePoolSub_100soInstancePoolInfo_21soKineticEnergyJostle_1_21soKineticEnergyHolder_28soKin_______dt
119,1,0000B5BC soInstancePool_100soInstancePoolInfo_21soKineticEnergyJostle_1_21soKineticEnergyHolder_28soKineti_______dt
119,1,0000B634 soLineInvertHierarchy_983soTypeList_100soInstancePoolInfo_21ftKineticEnergyMotion_1_21soKineticEn_______dt
119,1,0000B690 soKineticEnergyNormal__clearRotSpeed
119,1,0000B694 soKineticEnergyNormal__clearSpeed
119,1,0000B6CC Vec2f____as
119,1,0000B6E0 soKineticEnergyNormal__init
119,1,0000B778 soKineticEnergyNormal__offConsiderGroundFriction
119,1,0000B784 soKineticEnergyNormal__onConsiderGroundFriction
119,1,0000B790 soKineticEnergyNormal__getRotation
119,1,0000B7A4 soKineticEnergyNormal__getSpeed
119,1,0000B7B4 soKineticMediatorImpl_983soTypeList_100soInstancePoolInfo_21ftKineticEnergyMotion_1_21soKineticEn_____changeKinetic
119,1,0000B910 soKineticMediatorImpl_983soTypeList_100soInstancePoolInfo_21ftKineticEnergyMotion_1_21soKineticEn_____updateEnergy
119,1,0000BBA4 soKineticMediatorImpl_983soTypeList_100soInstancePoolInfo_21ftKineticEnergyMotion_1_21soKineticEn_____updateEnergy1
119,1,0000BCCC soKineticMediatorImpl_983soTypeList_100soInstancePoolInfo_21ftKineticEnergyMotion_1_21soKineticEn_____updateEnergy2
119,1,0000BD9C soKineticMediatorImpl_983soTypeList_100soInstancePoolInfo_21ftKineticEnergyMotion_1_21soKineticEn_____postUpdateEnergy
119,1,0000BDA0 soKineticMediatorImpl_983soTypeList_100soInstancePoolInfo_21ftKineticEnergyMotion_1_21soKineticEn_____addSpeed
119,1,0000BDB0 soKineticMediatorImpl_983soTypeList_100soInstancePoolInfo_21ftKineticEnergyMotion_1_21soKineticEn_____addSpeedOutside
119,1,0000BDC4 soKineticMediatorImpl_983soTypeList_100soInstancePoolInfo_21ftKineticEnergyMotion_1_21soKineticEn_____notifyEventChangeStatus
119,1,0000BDD8 soKineticMediatorImpl_983soTypeList_100soInstancePoolInfo_21ftKineticEnergyMotion_1_21soKineticEn_____getMediateNum
119,1,0000BDE0 soKineticUpdateEnergyHolderHelper_19ftKineticTransactor_____ct
119,1,0000BDEC ftKineticTransactor__updateEnergy_21ftKineticEnergyMotion_
119,1,0000BE24 soInstancePoolSub_100soInstancePoolInfo_21ftKineticEnergyMotion_1_21soKineticEnergyHolder_28soKin_____getInstanceAt
119,1,0000BE3C soInstancePoolSub_100soInstancePoolInfo_21ftKineticEnergyMotion_1_21soKineticEnergyHolder_28soKin_____forEachHolderModuleAccesser_56soKineticUpdateEnergyHolderHelper_19ftKineticTransactor__
119,1,0000BECC soInstancePoolSubNull_21ftKineticEnergyMotion___forEachHolderModuleAccesser_56soKineticUpdateEnergyHolderHelper_19ftKineticTransactor__
119,1,0000BED4 ftKineticTransactor__updateEnergy_22ftKineticEnergyGravity_
119,1,0000BF0C soInstancePoolSub_101soInstancePoolInfo_22ftKineticEnergyGravity_1_21soKineticEnergyHolder_28soKi_____getInstanceAt
119,1,0000BF24 soInstancePoolSub_101soInstancePoolInfo_22ftKineticEnergyGravity_1_21soKineticEnergyHolder_28soKi_____forEachHolderModuleAccesser_56soKineticUpdateEnergyHolderHelper_19ftKineticTransactor__
119,1,0000BFB4 soInstancePoolSubNull_22ftKineticEnergyGravity___forEachHolderModuleAccesser_56soKineticUpdateEnergyHolderHelper_19ftKineticTransactor__
119,1,0000BFBC ftKineticTransactor__updateEnergy_25ftKineticEnergyController_
119,1,0000BFF4 soInstancePoolSub_104soInstancePoolInfo_25ftKineticEnergyController_1_21soKineticEnergyHolder_28s_____getInstanceAt
119,1,0000C00C soInstancePoolSub_104soInstancePoolInfo_25ftKineticEnergyController_1_21soKineticEnergyHolder_28s_____forEachHolderModuleAccesser_56soKineticUpdateEnergyHolderHelper_19ftKineticTransactor__
119,1,0000C09C soInstancePoolSubNull_25ftKineticEnergyController___forEachHolderModuleAccesser_56soKineticUpdateEnergyHolderHelper_19ftKineticTransactor__
119,1,0000C0A4 ftKineticTransactor__updateEnergy_19ftKineticEnergyStop_
119,1,0000C0DC soInstancePoolSub_98soInstancePoolInfo_19ftKineticEnergyStop_1_21soKineticEnergyHolder_28soKineti_____getInstanceAt
119,1,0000C0F4 soInstancePoolSub_98soInstancePoolInfo_19ftKineticEnergyStop_1_21soKineticEnergyHolder_28soKineti_____forEachHolderModuleAccesser_56soKineticUpdateEnergyHolderHelper_19ftKineticTransactor__
119,1,0000C184 soInstancePoolSubNull_19ftKineticEnergyStop___forEachHolderModuleAccesser_56soKineticUpdateEnergyHolderHelper_19ftKineticTransactor__
119,1,0000C18C ftKineticTransactor__updateEnergy_21ftKineticEnergyDamage_
119,1,0000C1C4 soInstancePoolSub_100soInstancePoolInfo_21ftKineticEnergyDamage_1_21soKineticEnergyHolder_28soKin_____getInstanceAt
119,1,0000C1DC soInstancePoolSub_100soInstancePoolInfo_21ftKineticEnergyDamage_1_21soKineticEnergyHolder_28soKin_____forEachHolderModuleAccesser_56soKineticUpdateEnergyHolderHelper_19ftKineticTransactor__
119,1,0000C26C soInstancePoolSubNull_21ftKineticEnergyDamage___forEachHolderModuleAccesser_56soKineticUpdateEnergyHolderHelper_19ftKineticTransactor__
119,1,0000C274 ftKineticTransactor__updateEnergy_25soKineticEnergyWindNormal_
119,1,0000C2AC soInstancePoolSub_104soInstancePoolInfo_25soKineticEnergyWindNormal_1_21soKineticEnergyHolder_28s_____getInstanceAt
119,1,0000C2C4 soInstancePoolSub_104soInstancePoolInfo_25soKineticEnergyWindNormal_1_21soKineticEnergyHolder_28s_____forEachHolderModuleAccesser_56soKineticUpdateEnergyHolderHelper_19ftKineticTransactor__
119,1,0000C354 soInstancePoolSubNull_25soKineticEnergyWindNormal___forEachHolderModuleAccesser_56soKineticUpdateEnergyHolderHelper_19ftKineticTransactor__
119,1,0000C35C ftKineticTransactor__updateEnergy_29soKineticEnergyGroundMovement_
119,1,0000C394 soInstancePoolSub_108soInstancePoolInfo_29soKineticEnergyGroundMovement_1_21soKineticEnergyHolder_____getInstanceAt
119,1,0000C3AC soInstancePoolSub_108soInstancePoolInfo_29soKineticEnergyGroundMovement_1_21soKineticEnergyHolder_____forEachHolderModuleAccesser_56soKineticUpdateEnergyHolderHelper_19ftKineticTransactor__
119,1,0000C43C soInstancePoolSubNull_29soKineticEnergyGroundMovement___forEachHolderModuleAccesser_56soKineticUpdateEnergyHolderHelper_19ftKineticTransactor__
119,1,0000C444 ftKineticTransactor__updateEnergy_21soKineticEnergyJostle_
119,1,0000C47C soInstancePoolSub_100soInstancePoolInfo_21soKineticEnergyJostle_1_21soKineticEnergyHolder_28soKin_____getInstanceAt
119,1,0000C494 soInstancePoolSub_100soInstancePoolInfo_21soKineticEnergyJostle_1_21soKineticEnergyHolder_28soKin_____forEachHolderModuleAccesser_56soKineticUpdateEnergyHolderHelper_19ftKineticTransactor__
119,1,0000C524 soInstancePoolSubNull_21soKineticEnergyJostle___forEachHolderModuleAccesser_56soKineticUpdateEnergyHolderHelper_19ftKineticTransactor__
119,1,0000C52C soKineticUpdateEnergyHolderHelper_19ftKineticTransactor_____ct1
119,1,0000C538 ftikecpp____sinit_
119,1,0000C5BC ftIkeExtendParamAccesser____ct
119,1,0000C604 itGenSheetKind____ct
119,1,0000C610 ftClassInfoImpl_34_5ftIke_____ct
119,1,0000C668 ftClassInfoImpl_34_5ftIke_____dt
119,1,0000C6EC ftClassInfoImpl_34_5ftIke___create
119,1,0000C754 soArticleMediator___4_
119,1,0000C75C soArticleMediatorImpl_105soTypeList_70soInstancePoolInfo_10wnIkeSword_1_16wnInstanceHolder_14soIn______4_shoot
119,1,0000C764 soArticleMediatorImpl_105soTypeList_70soInstancePoolInfo_10wnIkeSword_1_16wnInstanceHolder_14soIn______4_
119,1,0000C76C ftFighterBuilder_16ftIkeBuildConfig____64_
119,1,0000C774 Fighter___84_notifyEventLink
119,1,0000C77C Fighter___100_notifyEventChangeStatus
119,1,0000C784 Fighter___124_notifyEventCollisionAttackCheck
119,1,0000C78C Fighter___148_notifyEventCollisionShieldCheck
119,1,0000C794 Fighter___148_notifyEventCollisionShield
119,1,0000C79C Fighter___184_notifyEventCollisionSearchCheck
119,1,0000C7A4 Fighter___184_notifyEventCollisionSearch
119,1,0000C7AC Fighter___232_notifyEventOnDamage
119,1,0000C7B4 ftIke___64_
119,1,0000C7BC Fighter___72_notifyEventAnimCmd
119,1,0000C7C4 Fighter___72_isObserv
119,1,0000C7CC ftIke___84_notifyEventLink
119,1,0000C7D4 ftIke___100_notifyEventChangeStatus
119,1,0000C7DC Fighter___112_notifyEventChangeSituation
119,1,0000C7E4 ftIke___124_notifyEventCollisionAttackCheck
119,1,0000C7EC Fighter___124_notifyEventCollisionAttack
119,1,0000C7F4 Fighter___136_notifyEventChangeCollisionHit
119,1,0000C7FC ftIke___148_notifyEventCollisionShieldCheck
119,1,0000C804 Fighter___148_notifyEventCollisionShieldSearch
119,1,0000C80C ftIke___148_notifyEventCollisionShield
119,1,0000C814 Fighter___160_notifyEventCollisionReflectorCheck
119,1,0000C81C Fighter___160_notifyEventCollisionReflectorSearch
119,1,0000C824 Fighter___160_notifyEventCollisionReflector
119,1,0000C82C Fighter___172_notifyEventCollisionAbsorberCheck
119,1,0000C834 Fighter___172_notifyEventCollisionAbsorber
119,1,0000C83C ftIke___184_notifyEventCollisionSearchCheck
119,1,0000C844 ftIke___184_notifyEventCollisionSearch
119,1,0000C84C Fighter___196_notifyEventCaptureStatus
119,1,0000C854 Fighter___208_notifyVisibilityItem
119,1,0000C85C Fighter___208_notifyEjectAttachItem
119,1,0000C864 Fighter___208_notifyEjectItem
119,1,0000C86C Fighter___208_notifyShootBulletItem
119,1,0000C874 Fighter___208_notifyDropItem
119,1,0000C87C Fighter___208_notifyThrowItem
119,1,0000C884 Fighter___208_notifyUseItem
119,1,0000C88C Fighter___208_notifyAttachItem
119,1,0000C894 Fighter___208_notifyHaveItem
119,1,0000C89C Fighter___208_notifyHaveItemPreCheck
119,1,0000C8A4 Fighter___232_notifyEventAddDamage
119,1,0000C8AC ftIke___232_notifyEventOnDamage
119,1,0000C8B4 Fighter___244_notifyEventPikminFinalAttack
119,1,0000C8BC Fighter___244_notifyEventChangeAdvUnit
119,1,0000C8C4 Fighter___244_notifyEventBeat
119,1,0000C8CC Fighter___244_notifyEventSetDamage
119,1,0000C8D4 Fighter___256_notifyEventTurn
119,1,0000C8DC ftIkeStatusUniqProcessSpecialHi__initStatus
119,1,0000CCC4 ftIkeStatusUniqProcessSpecialHi__execStatus
119,1,0000D1A0 ftIkeStatusUniqProcessSpecialHi__execStop
119,1,0000D1A4 ftIkeStatusUniqProcessSpecialHi__execFixPos
119,1,0000D1A8 ftIkeStatusUniqProcessSpecialHi__exitStatus
119,1,0000D264 soStatusUniqProcess__checkTransitionPrecede
119,1,0000D26C soStatusUniqProcess__leaveStop
119,1,0000D270 soStatusUniqProcess__onChangeLr
119,1,0000D278 soStatusUniqProcess__checkAttack
119,1,0000D27C soStatusUniqProcess__checkDamage
119,1,0000D284 soStatusUniqProcess__execFixCamera
119,1,0000D288 soStatusUniqProcess__execFixPosCounter
119,1,0000D28C soStatusUniqProcess__execMapCorrection
119,1,0000D290 ftIkeStatusUniqProcessSpecialHi____dt
119,1,0000D2D0 soStatusUniqProcess__execStop
119,1,0000D2D4 soStatusUniqProcess__exitStatus
119,1,0000D2D8 ftikestatusuniqprocessspecialhicpp____sinit_
119,1,0000D320 ftIkeStatusUniqProcessSpecialHi____ct
119,1,0000D330 ftIkeStatusUniqProcessSpecialLw__initStatus
119,1,0000D73C soKineticEnergyNormal__setBrake
119,1,0000D750 ftIkeStatusUniqProcessSpecialLw__execStatus
119,1,0000DA8C ftIkeStatusUniqProcessSpecialLw__execStop
119,1,0000DA90 ftIkeStatusUniqProcessSpecialLw__execFixPos
119,1,0000DCA8 ftIkeStatusUniqProcessSpecialLw__exitStatus
119,1,0000DD1C ftIkeStatusUniqProcessSpecialLw____dt
119,1,0000DD5C ftikestatusuniqprocessspeciallwcpp____sinit_
119,1,0000DDA4 ftIkeStatusUniqProcessSpecialLw____ct
119,1,0000DDB4 ftIkeStatusUniqProcessSpecialS__initStatus
119,1,0000E4BC ftIkeStatusUniqProcessSpecialS__execStatus
119,1,0000EB90 ftIkeStatusUniqProcessSpecialS__execFixPos
119,1,0000EC40 ftIkeStatusUniqProcessSpecialS__exitStatus
119,1,0000ECC0 ftIkeStatusUniqProcessSpecialS__setSearch
119,1,0000ED8C ftIkeStatusUniqProcessSpecialS____dt
119,1,0000EDCC ftikestatusuniqprocessspecialscpp____sinit_
119,1,0000EE14 ftIkeStatusUniqProcessSpecialS____ct
119,1,0000EE24 ftIkeStatusUniqProcessFinal__initStatus
119,1,0000F4A4 Vec3f____mi
119,1,0000F4C8 ftIkeStatusUniqProcessFinal__execStatus
119,1,0000F898 ftIkeStatusUniqProcessFinal__execStop
119,1,0000F89C ftIkeStatusUniqProcessFinal__execFixPos
119,1,0000F9BC ftIkeStatusUniqProcessFinal__exitStatus
119,1,0000FAA4 ftIkeStatusUniqProcessFinal__getTargetLr
119,1,0000FB2C ftIkeStatusUniqProcessFinal____dt
119,1,0000FB6C ftikestatusuniqprocessfinalcpp____sinit_
119,1,0000FBB4 ftIkeStatusUniqProcessFinal____ct
119,1,0000FBC4 wnIkeSword____ct
119,1,000113E4 soParamAccesser____dt
119,1,00011424 wnIkeSwordParamAccesser____dt
119,1,00011484 soKineticEnergyRotNormal____dt
119,1,000114E0 soInsideEventManageModuleBuilder_106soInsideEventManageModuleBuildConfig_16_32_4_2_4_4_4_5_2_4_4________dt
119,1,0001160C soParamCustomizeModule____dt
119,1,0001164C soParamCustomizeModuleImpl____dt
119,1,000116A8 soParamCustomizeModuleBuilder_63soParamCustomizeModuleBuildConfig_26soParamCustomizeModuleImpl______dt
119,1,00011708 soResourceIdAccesserImpl____dt
119,1,00011764 soResourceModuleBuilder_80soResourceModuleBuildConfig_0_24soResourceIdAccesserImpl_20soResourceMo_______dt
119,1,000117DC soModelModuleBuilder_49soModelModuleBuildConfig_5_0_17soModelModuleImpl______dt
119,1,00011848 soLineHierarchy_49soTypeList_14soIntToType_4__18soTypeListNullType__11soArrayPool_65soArrayPoolRo_______dt
119,1,000118A8 soJagArray_46soInstanceUnitFullProperty_16soTransitionTerm__49soTypeList_14soIntToType_4__18soTyp_______dt
119,1,00011904 soTransitionModuleBuilder_107soTransitionModuleBuildConfig_49soTypeList_14soIntToType_4__18soType_______dt
119,1,0001197C soMotionModuleBuilder_214soMotionModuleBuildConfig_4_18soMotionModuleImpl_0_1_107soTransitionModu_______dt
119,1,00011A00 soTeamImpl____ct
119,1,00011A58 soTeam____dt
119,1,00011A98 soTeamImpl____dt
119,1,00011AF4 soTeamModuleBuilder_56soTeamModuleBuildConfig_10soTeamImpl_16soTeamModuleImpl______dt
119,1,00011B78 soCollisionAttackAbsolute____dt
119,1,00011BB8 soCollisionAttackModuleBuilder_77soCollisionAttackModuleBuildConfig_0_4_0_27soCollisionAttackModu_______dt
119,1,00011C3C soStopModuleBuilder_43soStopModuleBuildConfig_16soStopModuleImpl______dt
119,1,00011C98 soShakeModuleBuilder_49soShakeModuleBuildConfig_0_19soShakeModuleSimple______dt
119,1,00011CF8 soSound3dGeneratorAccesserImpl____dt
119,1,00011D38 soSoundModuleBuilder_80soSoundModuleBuildConfig_0_30soSound3dGeneratorAccesserImpl_17soSoundModul_______dt
119,1,00011DA4 soLinkModuleBuilder_45soLinkModuleBuildConfig_5_16soLinkModuleImpl______dt
119,1,00011E10 soVisibilityModuleBuilder_59soVisibilityModuleBuildConfig_24soVisibilityModuleSimple_1______dt
119,1,00011E6C soInstanceManagerFullPropertyVector_20soAnimCmdControlUnit_6_____dt
119,1,00011ECC soAnimCmdModuleBuilder_51soAnimCmdModuleBuildConfig_6_19soAnimCmdModuleImpl______dt
119,1,00011F38 soGeneralWorkBuilder_31soGeneralWorkBuildConfig_2_8_2______dt
119,1,00011F98 soLineHierarchy_49soTypeList_14soIntToType_6__18soTypeListNullType__11soArrayPool_65soArrayPoolRo_______dt
119,1,00011FF8 soJagArray_46soInstanceUnitFullProperty_16soTransitionTerm__49soTypeList_14soIntToType_6__18soTyp_______dt
119,1,00012054 soTransitionModuleBuilder_107soTransitionModuleBuildConfig_49soTypeList_14soIntToType_6__18soType_______dt
119,1,000120CC soArraySelectHolder_1_39soArrayVector_P19soStatusUniqProcess_4__56soSingletonHolder_35soArrayNull_______dt
119,1,00012128 soStatusModuleBuilder_204soStatusModuleBuildConfig_4_31soGeneralWorkBuildConfig_2_8_2__4_107soTra_______dt
119,1,000121C4 wnKineticModuleImpl____dt
119,1,00012238 soKineticMediatorNull____dt
119,1,00012278 soInstanceManagerFullPropertyVector_P15soKineticEnergy_8_____dt
119,1,000122D8 soKineticModuleBuilder_75soKineticModuleBuildConfig_19wnKineticModuleImpl_21soKineticMediatorNull_______dt
119,1,00012350 soGeneralWorkBuilder_31soGeneralWorkBuildConfig_7_6_1______dt
119,1,000123B0 soEffectModuleBuilder_58soEffectModuleBuildConfig_1_1_0_1__1_18soEffectModuleImpl______dt
119,1,0001243C soColorBlendModuleBuilder_60soColorBlendModuleBuildConfig__1_0_22soColorBlendModuleImpl______dt
119,1,00012498 soSlowModuleBuilder_45soSlowModuleBuildConfig_18soSlowModuleSimple______dt
119,1,000124F4 soReflectModuleBuilder_51soReflectModuleBuildConfig_0_19soReflectModuleImpl______dt
119,1,00012550 soGlowModuleBuilder_45soGlowModuleBuildConfig_18soGlowModuleSimple______dt
119,1,000125AC soModuleAccesserBuilder_35wnIkeSwordModuleAccesserBuildConfig_____dt
119,1,00012744 soAnimCmdControlUnitBuilder_48soAnimCmdControlUnitBuildConfig_0_1_4_0_0_0_0_8______dt
119,1,000127D0 soAnimCmdControlUnitBuilder_48soAnimCmdControlUnitBuildConfig_1_2_4_0_0_1_0_8______dt
119,1,0001285C soAnimCmdControlUnitBuilder_48soAnimCmdControlUnitBuildConfig_2_2_4_0_0_1_0_8______dt
119,1,000128E8 soAnimCmdControlUnitBuilder_48soAnimCmdControlUnitBuildConfig_3_2_4_0_0_1_0_8______dt
119,1,00012974 soAnimCmdControlUnitBuilder_40soAnimCmdControlUnitBuildConfigUniq_4_8______dt
119,1,000129E0 wnAnimCmdModuleSubBuilder_79wnAnimCmdModuleSubBuildConfigDefault_1_4_0_0_1_4_0_0_1_4_0_0_1_4_0_0________dt
119,1,00012A70 wnModuleAccesserBuilder_35wnIkeSwordModuleAccesserBuildConfig_____dt
119,1,00012AE0 wnWeaponBuilder_35wnIkeSwordModuleAccesserBuildConfig_____dt
119,1,00012B68 wnIkeSword____dt
119,1,00012BD8 wnIkeSword__activate
119,1,00012DE4 wnActivateDesc____ct
119,1,00012ED0 wnIkeSword__toShoot
119,1,00013238 wnIkeSword__notifyEventCollisionAttackCheck
119,1,00013240 Weapon__getArticleId
119,1,00013248 Weapon__getTaskId
119,1,00013250 Weapon__isActiveArticle
119,1,00013260 Weapon__isSyncOwnerStatus
119,1,00013274 Weapon__setSyncOwnerStatus
119,1,00013284 Weapon__isObserv
119,1,000132A0 StageObject__isTreadPassive
119,1,000132A8 StageObject__checkTransitionStatus
119,1,000132B0 StageObject__getInput
119,1,00013334 Input____dt
119,1,00013374 IpNull____dt
119,1,000133B4 soCollisionHitEventObserver__notifyEventChangeCollisionHit
119,1,000133B8 soArticle__intrudeLogAttackInfo
119,1,000133BC soArticle__action
119,1,000133C0 Weapon__onDeactivate
119,1,000133C4 Weapon__soGetSubKind
119,1,000133CC Weapon__soGetKind
119,1,000133D4 soParamCustomizeModuleImpl__getAttackPowerMulArticle
119,1,000133E0 soParamCustomizeModuleImpl__getParamIndefinite
119,1,000133E8 soParamCustomizeModuleImpl__getParamFloat
119,1,000133F4 soParamCustomizeModuleImpl__getParamInt
119,1,000133FC soParamCustomizeModuleImpl__getWalkSpeedMul
119,1,00013408 soParamCustomizeModuleImpl__getAttackReactionMul
119,1,00013414 soParamCustomizeModuleImpl__isCustomize
119,1,0001341C soParamCustomizeModuleImpl__removeCustomize
119,1,00013420 soParamCustomizeModuleImpl__addCustomize
119,1,00013424 soParamCustomizeModuleImpl__setDefault
119,1,00013428 soParamCustomizeModuleImpl__activate
119,1,0001343C soParamCustomizeModuleImpl__getAttackPowerMulScale
119,1,00013444 soParamCustomizeModuleImpl__setAttackPowerMulScale
119,1,0001344C soParamCustomizeModuleImpl__getAttackPowerMulPattern
119,1,00013454 soParamCustomizeModuleImpl__setAttackPowerMulPattern
119,1,0001345C soParamCustomizeModuleImpl__getAttackPowerMul
119,1,0001346C soArticleMediatorNull____dt
119,1,000134C8 soArticleMediatorNull__shoot
119,1,000134D0 soArticleMediatorNull__setAutoRecycle
119,1,000134D4 soArticleMediatorNull__getMediateNum
119,1,000134DC soArticleMediatorNull__getGenerateMaxNum
119,1,000134E4 soArticleMediatorNull__getActiveNum
119,1,000134EC soArticleMediatorNull__isGeneratable
119,1,000134F4 soArticleMediatorNull__deactivate
119,1,000134F8 soArticleMediatorNull__generate
119,1,00013504 soKineticMediatorNull__getMediateNum
119,1,0001350C soKineticMediatorNull__notifyEventChangeStatus
119,1,00013510 soKineticMediatorNull__addSpeedOutside
119,1,00013514 soKineticMediatorNull__addSpeed
119,1,00013518 soKineticMediatorNull__postUpdateEnergy
119,1,0001351C soKineticMediatorNull__updateEnergy
119,1,00013520 soKineticMediatorNull__updateEnergy1
119,1,00013524 soKineticMediatorNull__updateEnergy2
119,1,00013528 soKineticMediatorNull__changeKinetic
119,1,0001352C soTeamImpl__reset
119,1,00013530 soTeamImpl__set2nd
119,1,00013538 soTeamImpl__get2nd
119,1,00013540 soTeamImpl__setIndirectNo
119,1,00013544 soTeamImpl__getIndirectNo
119,1,0001354C soTeamImpl__setNo
119,1,00013554 soTeamImpl__getNo
119,1,0001355C soResourceIdAccesserImpl__getBinArchiveId
119,1,0001356C soResourceIdAccesserImpl__getArchiveId
119,1,00013574 soResourceIdAccesserImpl__getEtcArchiveId
119,1,00013584 soResourceIdAccesserImpl__getAnmArchiveId
119,1,00013594 soResourceIdAccesserImpl__getTexArchiveId
119,1,000135A4 soResourceIdAccesserImpl__getMdlArchiveId
119,1,000135B4 soResourceIdAccesserImpl__getEtcResId
119,1,000135BC soResourceIdAccesserImpl__getBinResId
119,1,000135C4 soResourceIdAccesserImpl__getAnmResId
119,1,000135CC soResourceIdAccesserImpl__getMdlResIndex
119,1,000135D4 soResourceIdAccesserImpl__getMdlResId
119,1,000135DC soResourceIdAccesserImpl__getTexResIndex
119,1,000135E4 soResourceIdAccesserImpl__getTexResId
119,1,000135EC soResourceIdAccesserImpl__setTexResIndex
119,1,000135F4 soResourceIdAccesserImpl__setMdlResIndex
119,1,000135FC soResourceIdAccesserImpl__setTexResId
119,1,00013604 soResourceIdAccesserImpl__setMdlResId
119,1,0001360C soResourceIdAccesserImpl__setAnmResId
119,1,00013614 soResourceIdAccesserImpl__setResIdPacked
119,1,00013624 Input__getContNo
119,1,0001362C IpNull__removeRumbleMask
119,1,00013630 IpNull__removeRumbleId
119,1,00013634 IpNull__removeRumble
119,1,00013638 IpNull__stopRumble
119,1,0001363C IpNull__setRumble
119,1,00013640 IpNull__getTrigger
119,1,0001365C IpNull__getButton
119,1,00013664 IpNull__getStickSub
119,1,00013688 IpNull__getStickMain
119,1,000136AC IpNull__update
119,1,000136B0 wnExtendParamAccesser_3999_1_23999_0_0_0___getParamFloat
119,1,000136D0 wnExtendParamAccesser_3999_1_23999_0_0_0___getParamInt
119,1,000136F0 wnExtendParamAccesser_3999_1_23999_0_0_0___getParamIndefinite
119,1,00013708 wnWeaponBuilder_35wnIkeSwordModuleAccesserBuildConfig___deactivateDescendantForce
119,1,000137B4 soArticleMediatorNull___4_shoot
119,1,000137BC soArticleMediatorNull___4_
119,1,000137C4 wnWeaponBuilder_35wnIkeSwordModuleAccesserBuildConfig____64_
119,1,000137CC Weapon___112_notifyEventCollisionAttackCheck
119,1,000137D4 wnWeaponBuilder_35wnIkeSwordModuleAccesserBuildConfig____144_
119,1,000137DC wnWeaponBuilder_35wnIkeSwordModuleAccesserBuildConfig____136_
119,1,000137E4 wnIkeSword___64_
119,1,000137EC Weapon___72_notifyEventAnimCmd
119,1,000137F4 Weapon___72_isObserv
119,1,000137FC Weapon___84_notifyEventLink
119,1,00013804 Weapon___100_notifyEventChangeStatus
119,1,0001380C wnIkeSword___112_notifyEventCollisionAttackCheck
119,1,00013814 Weapon___112_notifyEventCollisionAttack
119,1,0001381C Weapon___124_notifyEventCollisionHit2nd
119,1,00013824 Weapon___124_notifyEventCollisionHit
119,1,0001382C wnIkeSword___144_
119,1,00013834 Weapon___136_setAttackPowerMulPattern
119,1,0001383C Weapon___136_getActiveGlobalFrame
119,1,00013844 Weapon___136_updateLogAttackInfo
119,1,0001384C Weapon___136_getLogAttackInfo
119,1,00013854 Weapon___136_setLogAttackInfo
119,1,0001385C Weapon___136_setSyncOwnerStatus
119,1,00013864 Weapon___136_isSyncOwnerStatus
119,1,0001386C Weapon___136_unlinkOwner
119,1,00013874 Weapon___136_linkOwner
119,1,0001387C Weapon___136_have
119,1,00013884 Weapon___136_getFounderTaskId
119,1,0001388C Weapon___136_getOwnerDeactiveTreatType
119,1,00013894 Weapon___136_deactivateArticle
119,1,0001389C Weapon___136_isActiveArticle
119,1,000138A4 wnWeaponBuilder_35wnIkeSwordModuleAccesserBuildConfig____136_deactivateDescendantForce
119,1,000138AC Weapon___136_isConstraint
119,1,000138B4 Weapon___136_setSituationKind
119,1,000138BC Weapon___136_set2nd
119,1,000138C4 Weapon___136_setVisibility
119,1,000138CC Weapon___136_setVisibilityWhole
119,1,000138D4 Weapon___136_changeStatus
119,1,000138DC Weapon___136_setRate
119,1,000138E4 Weapon___136_setFrame
119,1,000138EC Weapon___136_changeMotion
119,1,000138F4 Weapon___136_getTaskId
119,1,000138FC Weapon___136_getArticleEventManageId
119,1,00013904 Weapon___136_getArticleId
119,1,0001390C Weapon___136_remove
119,1,00013914 wnIkeSword___136_
119,1,0001391C wnIkeSwordStatusUniqProcess__initStatus
119,1,000139CC wnIkeSwordStatusUniqProcess__execStatus
119,1,00013CC0 wnIkeSwordStatusUniqProcess__execFixPos
119,1,00013CC4 wnIkeSwordStatusUniqProcess__execStop
119,1,00013D50 wnIkeSwordStatusUniqProcess____dt
119,1,00013D90 wnikeswordstatusuniqprocesscpp____sinit_
119,1,00013DD8 wnIkeSwordStatusUniqProcess____ct
119,1,00013DE8 mofighter___prolog
119,1,00013E30 mofighter___epilog
119,1,00013E78 mofighter___unresolved
